
> world-of-ideas@0.0.0 build
> vite build

[36mvite v5.4.21 [32mbuilding for production...[36m[39m
transforming...
[32mΓ£ô[39m 8 modules transformed.
x Build failed in 132ms
error during build:
[vite:esbuild] Transform failed with 1 error:
C:/Users/campw/Desktop/World of Ideas/src/components/Feed.jsx:7:7: ERROR: The symbol "GroupDetails" has already been declared
file: C:/Users/campw/Desktop/World of Ideas/src/components/Feed.jsx:7:7

The symbol "GroupDetails" has already been declared
5  |  import FeaturedIdea from './FeaturedIdea';
6  |  import GroupDetails from './GroupDetails';
7  |  import GroupDetails from './GroupDetails';
   |         ^
8  |  import WorldMap from './WorldMap';
9  |  import IdeaGlobe from './IdeaGlobe';

    at failureErrorWithLog (C:\Users\campw\Desktop\World of Ideas\node_modules\esbuild\lib\main.js:1472:15)
    at C:\Users\campw\Desktop\World of Ideas\node_modules\esbuild\lib\main.js:755:50
    at responseCallbacks.<computed> (C:\Users\campw\Desktop\World of Ideas\node_modules\esbuild\lib\main.js:622:9)
    at handleIncomingPacket (C:\Users\campw\Desktop\World of Ideas\node_modules\esbuild\lib\main.js:677:12)
    at Socket.readFromStdout (C:\Users\campw\Desktop\World of Ideas\node_modules\esbuild\lib\main.js:600:7)
    at Socket.emit (node:events:518:28)
    at addChunk (node:internal/streams/readable:559:12)
    at readableAddChunkPushByteMode (node:internal/streams/readable:510:3)
    at Readable.push (node:internal/streams/readable:390:5)
    at Pipe.onStreamRead (node:internal/stream_base_commons:190:23)
